../Core/Src/bird.c:57:6:game_init	32	static
../Core/Src/bird.c:105:6:game_process	16	static
../Core/Src/bird.c:133:6:game_draw	48	static
../Core/Src/bird.c:155:6:game_handler	16	static
../Core/Src/bird.c:184:6:bird_direction_process	8	static
../Core/Src/bird.c:195:6:bird_moving_process	4	static
../Core/Src/bird.c:207:6:game_over	48	static
../Core/Src/bird.c:222:6:pipes_update	16	static
../Core/Src/bird.c:236:6:pipes_draw	24	static
../Core/Src/bird.c:250:6:bird_draw	32	static
../Core/Src/bird.c:261:9:is_button_up	4	static
